[www.bootply.com/render/85861.html]
[backblue.gif]
[fade.gif]
[index.html]
[maxcdn.bootstrapcdn.com/bootstrap/3.2.0/css/bootstrap.min.css]
[www.bootply.com/bootstrap/img/apple-touch-icon.html]
[www.bootply.com/bootstrap/img/apple-touch-icon-72x72.html]
[www.bootply.com/bootstrap/img/apple-touch-icon-114x114.html]
[ajax.googleapis.com/ajax/libs/jquery/1.9.1/jquery.min.js]
[www.google-analytics.com/analytics.js]
[cdn.carbonads.com/carbona961.js]
[www.bootply.com/render/85861.html]
[maxcdn.bootstrapcdn.com/bootstrap/3.2.0/css/bootstrap.min.css]
[maxcdn.bootstrapcdn.com/bootstrap/3.2.0/js/bootstrap.min.js]
[www.bootply.com/assets/bp_logo.jpg]
[www.bootply.com/codemirror/lib/codemirror.css]
[www.bootply.com/codemirror/mode/css/css.js]
[www.bootply.com/codemirror/lib/codemirror.js]
[www.bootply.com/codemirror/mode/javascript/javascript.js]
[www.bootply.com/codemirror/mode/xml/xml.js]
[www.bootply.com/codemirror/mode/htmlmixed/htmlmixed.js]
[code.jquery.com/ui/1.9.2/themes/base/jquery-ui.css]
[netdna.bootstrapcdn.com/twitter-bootstrap/2.3.2/css/bootstrap-combined.min.css]
[netdna.bootstrapcdn.com/font-awesome/3.2.1/css/font-awesome.css]
[ajax.googleapis.com/ajax/libs/jqueryui/1.10.2/jquery-ui.min.js]
[netdna.bootstrapcdn.com/twitter-bootstrap/2.3.2/js/bootstrap.min.js]
[www.bootply.com/plugins/jquery.layout.css]
[www.bootply.com/plugins/bootstrap-select.min.css]
[connect.facebook.net/en_US/all.js]
[www.bootply.com/css/bootply.css]
[www.bootply.com/plugins/bootstrap-select.min.js]
[www.bootply.com/codemirror/jquery.codemirror.js]
[www.bootply.com/plugins/jquery.layout.js]
[www.bootply.com/assets/i_visa.png]
[www.bootply.com/assets/i_mc.png]
[www.bootply.com/assets/i_amex.png]
[www.bootply.com/assets/i_discover.png]
[www.bootply.com/beautifier.js]
[www.bootply.com/assets/i_paypal.png]
[www.bootply.com/bootstrap/img/apple-touch-icon.html]
[www.bootply.com/bootstrap/img/apple-touch-icon-72x72.html]
[www.bootply.com/bootstrap/img/apple-touch-icon-114x114.html]
[www.bootply.com/plugins/bootstrap-pager.js]
[www.bootply.com/render/srv.buysellads.html]
[cdn.carbonads.com/carbona961.js]
[www.bootply.com/codemirror/lib/codemirror.css]
[www.bootply.com/render/srv.carbonads.html]
[code.jquery.com/ui/1.9.2/themes/base/images/ui-bg_flat_75_ffffff_40x100.png]
[code.jquery.com/ui/1.9.2/themes/base/images/ui-bg_highlight-soft_75_cccccc_1x100.png]
[code.jquery.com/ui/1.9.2/themes/base/images/ui-bg_glass_75_e6e6e6_1x400.png]
[code.jquery.com/ui/1.9.2/themes/base/images/ui-bg_glass_75_dadada_1x400.png]
[code.jquery.com/ui/1.9.2/themes/base/images/ui-bg_glass_65_ffffff_1x400.png]
[code.jquery.com/ui/1.9.2/themes/base/images/ui-bg_glass_55_fbf9ee_1x400.png]
[code.jquery.com/ui/1.9.2/themes/base/images/ui-bg_glass_95_fef1ec_1x400.png]
[code.jquery.com/ui/1.9.2/themes/base/images/ui-icons_222222_256x240.png]
[code.jquery.com/ui/1.9.2/themes/base/images/ui-icons_888888_256x240.png]
[code.jquery.com/ui/1.9.2/themes/base/images/ui-icons_454545_256x240.png]
[code.jquery.com/ui/1.9.2/themes/base/images/ui-icons_2e83ff_256x240.png]
[code.jquery.com/ui/1.9.2/themes/base/images/ui-icons_cd0a0a_256x240.png]
[code.jquery.com/ui/1.9.2/themes/base/jquery-ui.css]
[code.jquery.com/ui/1.9.2/themes/base/images/ui-bg_flat_0_aaaaaa_40x100.png]
[netdna.bootstrapcdn.com/twitter-bootstrap/2.3.2/img/glyphicons-halflings.png]
[netdna.bootstrapcdn.com/twitter-bootstrap/2.3.2/img/glyphicons-halflings-white.png]
[netdna.bootstrapcdn.com/twitter-bootstrap/2.3.2/css/bootstrap-combined.min.css]
[netdna.bootstrapcdn.com/font-awesome/3.2.1/css/font-awesome.css]
[www.bootply.com/plugins/jquery.layout.css]
[www.bootply.com/plugins/bootstrap-select.min.css]
[www.bootply.com/css/bootply.css]
[connect.facebook.net/en_US/all.js]
[www.bootply.com/render/srv.buysellads.html]
[www.bootply.com/render/srv.carbonads.html]
[www.bootply.com/bootply_ico.jpg]
